==================== 2026-09-24T07:14:50.310837Z | 00000000-0000-0000-0000-000000000000 ====================
==================== 2026-09-24T07:14:50.311698Z | e1ce4827-2ddf-473b-8a45-56d80ba6f51e ====================
07:14:50.311811 [info ]: Starting dbt LSP server
07:14:50.311885 [info ]: Connecting to LSP client on port 8000
07:14:50.318089 [info ]: Successfully connected to LSP client
07:14:50.318194 [info ]: Creating LSP service...
07:14:50.321566 [info ]: Creating LSP server...
07:14:50.321657 [info ]: Starting LSP server...
07:14:50.369841 [info ]: Loading profiles.yml
07:46:23.664813 [info ]: Loading profiles.yml
07:46:25.717070 [info ]: Loading profiles.yml
07:46:28.893710 [info ]: Loading profiles.yml
00:51:49.762641 [info ]: Loading profiles.yml
00:51:50.865353 [info ]: Loading profiles.yml
00:51:51.331553 [info ]: Loading profiles.yml
00:52:03.585371 [info ]: Loading profiles.yml
04:27:31.212710 [info ]: Loading profiles.yml
04:27:32.354694 [info ]: Loading profiles.yml
04:27:32.773719 [info ]: Loading profiles.yml
04:33:44.622961 [info ]: Loading profiles.yml
04:34:11.790749 [info ]: Loading profiles.yml
04:34:33.593870 [info ]: Loading profiles.yml
04:37:20.434533 [info ]: Loading profiles.yml
04:37:56.248944 [info ]: Loading profiles.yml
04:38:26.127215 [info ]: Loading profiles.yml
04:38:38.423789 [info ]: Loading profiles.yml
04:38:39.232760 [info ]: Loading profiles.yml
==================== 2026-09-25T04:39:27.151371Z | 00000000-0000-0000-0000-000000000000 ====================
==================== 2026-09-25T04:39:27.151868Z | 90a28b8d-68df-47c2-9851-65bb30be563a ====================
04:39:27.152357 [info ]: Starting dbt LSP server
04:39:27.152429 [info ]: Connecting to LSP client on port 8000
04:39:27.174453 [info ]: Successfully connected to LSP client
04:39:27.174494 [info ]: Creating LSP service...
04:39:27.177324 [info ]: Creating LSP server...
04:39:27.177342 [info ]: Starting LSP server...
04:39:27.253668 [info ]: Loading profiles.yml
04:39:32.773375 [debug]: Ignoring unsupported LSP notification
04:39:39.351434 [info ]: Loading profiles.yml
04:39:41.023510 [info ]: Loading profiles.yml
04:40:21.729040 [info ]: Loading profiles.yml
04:40:25.777080 [info ]: Loading profiles.yml
04:40:37.860759 [info ]: Loading profiles.yml
04:41:05.524519 [info ]: Loading profiles.yml
04:41:13.057291 [info ]: Loading profiles.yml
04:41:16.439180 [info ]: Loading profiles.yml
04:42:04.436931 [info ]: Loading profiles.yml
05:03:24.720970 [debug]: Ignoring unsupported LSP notification
05:03:25.101064 [info ]: Loading profiles.yml
05:03:25.442927 [info ]: Loading profiles.yml
05:05:48.948229 [info ]: Loading profiles.yml
05:05:55.958609 [info ]: Loading profiles.yml
05:06:04.054599 [info ]: Loading profiles.yml
05:14:21.558055 [info ]: Loading profiles.yml
05:35:59.561610 [info ]: Loading profiles.yml
05:36:14.445340 [info ]: Loading profiles.yml
05:36:15.312277 [info ]: Loading profiles.yml
05:36:21.496087 [info ]: Loading profiles.yml
05:38:52.321835 [info ]: Loading profiles.yml
05:39:03.700086 [info ]: Loading profiles.yml
05:39:04.051657 [info ]: Loading profiles.yml
05:39:16.350089 [info ]: Loading profiles.yml
05:39:16.820697 [info ]: Loading profiles.yml
05:55:13.604842 [info ]: Loading profiles.yml
06:00:02.272133 [info ]: Loading profiles.yml
06:00:02.864065 [info ]: Loading profiles.yml
06:00:09.000369 [info ]: Loading profiles.yml
06:00:17.321135 [info ]: Loading profiles.yml
06:00:19.275774 [info ]: Loading profiles.yml
06:00:40.343820 [info ]: Loading profiles.yml
06:00:46.456370 [info ]: Loading profiles.yml
06:02:17.156504 [info ]: Loading profiles.yml
06:02:22.807100 [info ]: Loading profiles.yml
06:02:25.606227 [info ]: Loading profiles.yml
06:02:30.516450 [info ]: Loading profiles.yml
06:03:46.681734 [info ]: Loading profiles.yml
06:19:24.259466 [info ]: Loading profiles.yml
06:19:39.187976 [info ]: Loading profiles.yml
07:00:33.267184 [info ]: Loading profiles.yml
07:00:36.268588 [info ]: Loading profiles.yml
07:01:17.469322 [info ]: Loading profiles.yml
07:05:04.748235 [info ]: Loading profiles.yml
07:05:06.156934 [info ]: Loading profiles.yml
07:08:47.342225 [info ]: Loading profiles.yml
07:09:50.703394 [debug]: Ignoring unsupported LSP notification
07:10:59.267851 [info ]: Loading profiles.yml
07:10:59.493049 [info ]: Loading profiles.yml
07:11:17.308672 [info ]: Loading profiles.yml
07:11:23.039485 [info ]: Loading profiles.yml
07:11:57.595752 [info ]: Loading profiles.yml
07:12:00.498279 [info ]: Loading profiles.yml
07:12:19.497838 [info ]: Loading profiles.yml
07:12:25.556103 [info ]: Loading profiles.yml
07:12:27.986273 [info ]: Loading profiles.yml
07:17:18.442586 [info ]: Loading profiles.yml
07:17:28.902773 [info ]: Loading profiles.yml
07:18:04.514085 [info ]: Loading profiles.yml
07:19:39.521897 [info ]: Loading profiles.yml
07:19:40.198478 [info ]: Loading profiles.yml
07:19:41.603923 [info ]: Loading profiles.yml
07:20:20.060547 [info ]: Loading profiles.yml
07:20:26.181250 [info ]: Loading profiles.yml
07:20:51.300648 [info ]: Loading profiles.yml
07:20:57.218574 [info ]: Loading profiles.yml
06:54:53.241337 [info ]: Loading profiles.yml
06:54:54.346650 [info ]: Loading profiles.yml
06:54:54.670845 [info ]: Loading profiles.yml
06:55:13.263866 [info ]: Loading profiles.yml
06:55:59.277028 [info ]: Loading profiles.yml
06:56:02.394825 [info ]: Loading profiles.yml
06:56:38.654536 [info ]: Loading profiles.yml
06:56:38.983806 [info ]: Loading profiles.yml
06:56:47.207742 [info ]: Loading profiles.yml
06:56:47.522069 [info ]: Loading profiles.yml
06:56:58.959511 [info ]: Loading profiles.yml
06:56:59.319324 [info ]: Loading profiles.yml
06:57:09.608840 [info ]: Loading profiles.yml
06:57:25.876632 [info ]: Loading profiles.yml
06:57:42.867494 [info ]: Loading profiles.yml
06:58:23.865591 [info ]: Loading profiles.yml
06:58:24.196111 [info ]: Loading profiles.yml
06:58:43.806090 [info ]: Loading profiles.yml
06:58:58.284558 [info ]: Loading profiles.yml
06:58:59.028913 [info ]: Loading profiles.yml
06:59:09.568638 [info ]: Loading profiles.yml
06:59:27.761162 [info ]: Loading profiles.yml
06:59:34.726791 [info ]: Loading profiles.yml
06:59:38.392741 [info ]: Loading profiles.yml
06:59:43.460345 [info ]: Loading profiles.yml
07:00:44.864375 [info ]: Loading profiles.yml
==================== 2026-09-28T07:32:03.323131Z | 00000000-0000-0000-0000-000000000000 ====================
==================== 2026-09-28T07:32:03.323775Z | 5997eca6-a84d-4dd9-998d-8f37669f9e8a ====================
07:32:03.324309 [info ]: Starting dbt LSP server
07:32:03.324374 [info ]: Connecting to LSP client on port 8000
07:32:03.332660 [info ]: Successfully connected to LSP client
07:32:03.332738 [info ]: Creating LSP service...
07:32:03.336781 [info ]: Creating LSP server...
07:32:03.336809 [info ]: Starting LSP server...
07:32:03.378392 [info ]: Loading profiles.yml
12:54:55.639765 [info ]: Loading profiles.yml
12:54:56.747401 [info ]: Loading profiles.yml
12:54:57.184362 [info ]: Loading profiles.yml
12:58:55.719140 [info ]: Loading profiles.yml
12:58:56.300637 [info ]: Loading profiles.yml
12:58:56.884629 [info ]: Loading profiles.yml
12:58:57.525827 [info ]: Loading profiles.yml
12:58:58.196894 [info ]: Loading profiles.yml
12:58:58.788960 [info ]: Loading profiles.yml
12:58:59.474295 [info ]: Loading profiles.yml
12:59:00.105129 [info ]: Loading profiles.yml
12:59:00.646915 [info ]: Loading profiles.yml
12:59:13.935283 [info ]: Loading profiles.yml
12:59:14.622191 [info ]: Loading profiles.yml
12:59:15.255453 [info ]: Loading profiles.yml
12:59:15.853060 [info ]: Loading profiles.yml
12:59:16.389388 [info ]: Loading profiles.yml
13:14:31.460945 [info ]: Loading profiles.yml
13:14:32.146908 [info ]: Loading profiles.yml
13:14:34.003277 [info ]: Loading profiles.yml
13:14:37.549469 [info ]: Loading profiles.yml
13:14:39.887508 [info ]: Loading profiles.yml
13:14:42.393824 [info ]: Loading profiles.yml
13:14:44.422797 [info ]: Loading profiles.yml
13:14:46.771049 [info ]: Loading profiles.yml
13:14:48.430707 [info ]: Loading profiles.yml
13:14:50.108952 [info ]: Loading profiles.yml
13:14:54.052353 [info ]: Loading profiles.yml
13:15:00.644860 [info ]: Loading profiles.yml
13:57:19.279969 [info ]: Loading profiles.yml
13:57:20.408215 [info ]: Loading profiles.yml
13:57:21.034078 [info ]: Loading profiles.yml
14:09:56.994183 [info ]: Loading profiles.yml
14:18:27.559995 [info ]: Loading profiles.yml
14:18:29.777579 [info ]: Loading profiles.yml
14:19:09.405976 [info ]: Loading profiles.yml
14:19:09.864790 [info ]: Loading profiles.yml
14:19:45.491275 [info ]: Loading profiles.yml
14:19:46.262111 [info ]: Loading profiles.yml
14:20:34.182951 [info ]: Loading profiles.yml
14:20:51.289967 [info ]: Loading profiles.yml
14:20:51.960599 [info ]: Loading profiles.yml
14:23:12.602971 [info ]: Loading profiles.yml
14:23:13.075925 [info ]: Loading profiles.yml
14:23:47.732624 [info ]: Loading profiles.yml
14:23:48.320341 [info ]: Loading profiles.yml
14:23:53.357002 [info ]: Loading profiles.yml
14:25:24.289300 [info ]: Loading profiles.yml
14:25:24.963293 [info ]: Loading profiles.yml
14:25:37.119609 [info ]: Loading profiles.yml
14:25:44.443843 [info ]: Loading profiles.yml
14:25:44.805200 [info ]: Loading profiles.yml
14:25:45.310622 [info ]: Loading profiles.yml
14:26:22.426953 [info ]: Loading profiles.yml
14:30:02.302458 [info ]: Loading profiles.yml
14:30:17.158970 [info ]: Loading profiles.yml
14:30:17.850660 [info ]: Loading profiles.yml
14:30:23.835308 [info ]: Loading profiles.yml
14:30:24.518575 [info ]: Loading profiles.yml
14:30:44.366563 [info ]: Loading profiles.yml
15:01:51.868723 [info ]: Loading profiles.yml
15:01:53.005755 [info ]: Loading profiles.yml
15:01:53.475383 [info ]: Loading profiles.yml
15:02:15.786274 [info ]: Loading profiles.yml
15:03:18.270076 [info ]: Loading profiles.yml
15:03:18.532654 [info ]: Loading profiles.yml
15:03:53.705249 [info ]: Loading profiles.yml
15:03:53.960466 [info ]: Loading profiles.yml
15:04:13.003028 [info ]: Loading profiles.yml
15:04:13.279488 [info ]: Loading profiles.yml
15:04:18.972683 [info ]: Loading profiles.yml
15:04:59.426584 [info ]: Loading profiles.yml
15:04:59.768047 [info ]: Loading profiles.yml
15:05:06.628300 [info ]: Loading profiles.yml
15:05:42.427399 [info ]: Loading profiles.yml
15:05:50.080696 [info ]: Loading profiles.yml
15:06:06.049465 [info ]: Loading profiles.yml
15:07:18.997869 [info ]: Loading profiles.yml
15:07:32.217288 [info ]: Loading profiles.yml
15:07:44.660374 [info ]: Loading profiles.yml
15:07:47.395715 [info ]: Loading profiles.yml
15:08:06.032504 [info ]: Loading profiles.yml
15:08:08.534952 [info ]: Loading profiles.yml
15:08:11.175547 [info ]: Loading profiles.yml
15:08:18.726822 [info ]: Loading profiles.yml
15:08:30.858685 [info ]: Loading profiles.yml
15:09:34.998199 [info ]: Loading profiles.yml
15:10:27.277095 [info ]: Loading profiles.yml
15:10:39.702500 [info ]: Loading profiles.yml
